services/geminiService.ts(3,10): error TS2305: Module '"@google/generative-ai"' has no exported member 'GoogleGenAI'.
